// Jest Snapshot v1, https://goo.gl/fbAQLP

exports[`App component should render without error 1`] = `
<DocumentFragment>
  <div
    class="App"
  >
    My first component
  </div>
</DocumentFragment>
`;
